// Jest Snapshot v1, https://goo.gl/fbAQLP

exports[`CharactersComponent component CharactersComponent snapshot 1`] = `
Object {
  "asFragment": [Function],
  "baseElement": <body>
    <div>
      <div
        class="wrapper"
        data-testid="wrapper"
      >
        <div>
          <p
            class="title"
          >
            <b>
              0
               Peoples
            </b>
             for you to choose your 
            <b>
              favorite
            </b>
          </p>
          <input
            class="input"
            placeholder="find..."
            type="text"
            value=""
          />
        </div>
        <div
          class="wrapper_main"
        >
          <div
            class="wrapper"
            data-testid="people-list"
          >
            <svg>
              spinner_dark.svg
            </svg>
          </div>
          <div
            class="pagination"
          />
        </div>
      </div>
    </div>
  </body>,
  "container": <div>
    <div
      class="wrapper"
      data-testid="wrapper"
    >
      <div>
        <p
          class="title"
        >
          <b>
            0
             Peoples
          </b>
           for you to choose your 
          <b>
            favorite
          </b>
        </p>
        <input
          class="input"
          placeholder="find..."
          type="text"
          value=""
        />
      </div>
      <div
        class="wrapper_main"
      >
        <div
          class="wrapper"
          data-testid="people-list"
        >
          <svg>
            spinner_dark.svg
          </svg>
        </div>
        <div
          class="pagination"
        />
      </div>
    </div>
  </div>,
  "debug": [Function],
  "findAllByAltText": [Function],
  "findAllByDisplayValue": [Function],
  "findAllByLabelText": [Function],
  "findAllByPlaceholderText": [Function],
  "findAllByRole": [Function],
  "findAllByTestId": [Function],
  "findAllByText": [Function],
  "findAllByTitle": [Function],
  "findByAltText": [Function],
  "findByDisplayValue": [Function],
  "findByLabelText": [Function],
  "findByPlaceholderText": [Function],
  "findByRole": [Function],
  "findByTestId": [Function],
  "findByText": [Function],
  "findByTitle": [Function],
  "getAllByAltText": [Function],
  "getAllByDisplayValue": [Function],
  "getAllByLabelText": [Function],
  "getAllByPlaceholderText": [Function],
  "getAllByRole": [Function],
  "getAllByTestId": [Function],
  "getAllByText": [Function],
  "getAllByTitle": [Function],
  "getByAltText": [Function],
  "getByDisplayValue": [Function],
  "getByLabelText": [Function],
  "getByPlaceholderText": [Function],
  "getByRole": [Function],
  "getByTestId": [Function],
  "getByText": [Function],
  "getByTitle": [Function],
  "queryAllByAltText": [Function],
  "queryAllByDisplayValue": [Function],
  "queryAllByLabelText": [Function],
  "queryAllByPlaceholderText": [Function],
  "queryAllByRole": [Function],
  "queryAllByTestId": [Function],
  "queryAllByText": [Function],
  "queryAllByTitle": [Function],
  "queryByAltText": [Function],
  "queryByDisplayValue": [Function],
  "queryByLabelText": [Function],
  "queryByPlaceholderText": [Function],
  "queryByRole": [Function],
  "queryByTestId": [Function],
  "queryByText": [Function],
  "queryByTitle": [Function],
  "rerender": [Function],
  "unmount": [Function],
}
`;
